[risingtheme.com/html/demo-suruchi-v1/suruchi/index.html]
[backblue.gif]
[fade.gif]
[index.html]
[risingtheme.com/html/demo-suruchi-v1/suruchi/assets/img/favicon.ico]
[risingtheme.com/html/demo-suruchi-v1/suruchi/assets/css/plugins/swiper-bundle.min.css]
[risingtheme.com/html/demo-suruchi-v1/suruchi/assets/css/plugins/glightbox.min.css]
[risingtheme.com/html/demo-suruchi-v1/suruchi/assets/css/vendor/bootstrap.min.css]
[risingtheme.com/html/demo-suruchi-v1/suruchi/assets/css/style.css]
[risingtheme.com/html/demo-suruchi-v1/suruchi/assets/img/icon/bus.png]
[risingtheme.com/html/demo-suruchi-v1/suruchi/assets/img/icon/email.png]
[risingtheme.com/html/demo-suruchi-v1/suruchi/assets/img/icon/language-icon.png]
[risingtheme.com/html/demo-suruchi-v1/suruchi/assets/img/icon/usd-icon.png]
[risingtheme.com/html/demo-suruchi-v1/suruchi/assets/img/logo/nav-log.png]
[risingtheme.com/html/demo-suruchi-v1/suruchi/my-account.html]
[risingtheme.com/html/demo-suruchi-v1/suruchi/wishlist.html]
[risingtheme.com/html/demo-suruchi-v1/suruchi/index-2.html]
[risingtheme.com/html/demo-suruchi-v1/suruchi/index-3.html]
[risingtheme.com/html/demo-suruchi-v1/suruchi/shop.html]
[risingtheme.com/html/demo-suruchi-v1/suruchi/shop-right-sidebar.html]
[risingtheme.com/html/demo-suruchi-v1/suruchi/shop-grid.html]
[risingtheme.com/html/demo-suruchi-v1/suruchi/shop-grid-list.html]
[risingtheme.com/html/demo-suruchi-v1/suruchi/shop-list.html]
[risingtheme.com/html/demo-suruchi-v1/suruchi/product-details.html]
[risingtheme.com/html/demo-suruchi-v1/suruchi/product-video.html]
[risingtheme.com/html/demo-suruchi-v1/suruchi/product-left-sidebar.html]
[risingtheme.com/html/demo-suruchi-v1/suruchi/product-gallery.html]
[risingtheme.com/html/demo-suruchi-v1/suruchi/my-account-2.html]
[risingtheme.com/html/demo-suruchi-v1/suruchi/404.html]
[risingtheme.com/html/demo-suruchi-v1/suruchi/login.html]
[risingtheme.com/html/demo-suruchi-v1/suruchi/faq.html]
[risingtheme.com/html/demo-suruchi-v1/suruchi/compare.html]
[risingtheme.com/html/demo-suruchi-v1/suruchi/checkout.html]
[risingtheme.com/html/demo-suruchi-v1/suruchi/checkout-2.html]
[risingtheme.com/html/demo-suruchi-v1/suruchi/checkout-3.html]
[risingtheme.com/html/demo-suruchi-v1/suruchi/checkout-4.html]
[risingtheme.com/html/demo-suruchi-v1/suruchi/about.html]
[risingtheme.com/html/demo-suruchi-v1/suruchi/blog.html]
[risingtheme.com/html/demo-suruchi-v1/suruchi/blog-details.html]
[risingtheme.com/html/demo-suruchi-v1/suruchi/blog-left-sidebar.html]
[risingtheme.com/html/demo-suruchi-v1/suruchi/blog-right-sidebar.html]
[risingtheme.com/html/demo-suruchi-v1/suruchi/contact.html]
[risingtheme.com/html/demo-suruchi-v1/suruchi/cart.html]
[risingtheme.com/html/demo-suruchi-v1/suruchi/portfolio.html]
[risingtheme.com/html/demo-suruchi-v1/suruchi/assets/img/icon/lamp.png]
[risingtheme.com/html/demo-suruchi-v1/suruchi/assets/img/product/product1.png]
[risingtheme.com/html/demo-suruchi-v1/suruchi/assets/img/product/product2.png]
[risingtheme.com/html/demo-suruchi-v1/suruchi/privacy-policy.html]
[risingtheme.com/html/demo-suruchi-v1/suruchi/assets/img/icon/text-shape-icon.png]
[risingtheme.com/html/demo-suruchi-v1/suruchi/assets/img/banner/banner1.png]
[risingtheme.com/html/demo-suruchi-v1/suruchi/assets/img/banner/banner2.png]
[risingtheme.com/html/demo-suruchi-v1/suruchi/assets/img/banner/banner3.png]
[risingtheme.com/html/demo-suruchi-v1/suruchi/assets/img/banner/banner4.png]
[risingtheme.com/html/demo-suruchi-v1/suruchi/assets/img/product/product3.png]
[risingtheme.com/html/demo-suruchi-v1/suruchi/assets/img/product/product4.png]
[risingtheme.com/html/demo-suruchi-v1/suruchi/assets/img/product/product5.png]
[risingtheme.com/html/demo-suruchi-v1/suruchi/assets/img/product/product11.png]
[risingtheme.com/html/demo-suruchi-v1/suruchi/assets/img/product/product6.png]
[risingtheme.com/html/demo-suruchi-v1/suruchi/assets/img/product/product7.png]
[risingtheme.com/html/demo-suruchi-v1/suruchi/assets/img/product/product8.png]
[risingtheme.com/html/demo-suruchi-v1/suruchi/assets/img/product/product15.png]
[risingtheme.com/html/demo-suruchi-v1/suruchi/assets/img/product/product9.png]
[risingtheme.com/html/demo-suruchi-v1/suruchi/assets/img/product/product10.png]
[risingtheme.com/html/demo-suruchi-v1/suruchi/assets/img/product/product12.png]
[risingtheme.com/html/demo-suruchi-v1/suruchi/assets/img/product/product13.png]
[risingtheme.com/html/demo-suruchi-v1/suruchi/assets/img/product/product14.png]
[risingtheme.com/html/demo-suruchi-v1/suruchi/assets/img/banner/banner5.png]
[risingtheme.com/html/demo-suruchi-v1/suruchi/assets/img/banner/banner6.png]
[risingtheme.com/html/demo-suruchi-v1/suruchi/assets/img/other/testimonial-thumb1.png]
[risingtheme.com/html/demo-suruchi-v1/suruchi/assets/img/other/testimonial-thumb2.png]
[risingtheme.com/html/demo-suruchi-v1/suruchi/assets/img/other/testimonial-thumb3.png]
[risingtheme.com/html/demo-suruchi-v1/suruchi/assets/img/banner/banner-bg2.png]
[risingtheme.com/html/demo-suruchi-v1/suruchi/assets/img/blog/blog1.png]
[risingtheme.com/html/demo-suruchi-v1/suruchi/assets/img/blog/blog2.png]
[risingtheme.com/html/demo-suruchi-v1/suruchi/assets/img/blog/blog3.png]
[risingtheme.com/html/demo-suruchi-v1/suruchi/assets/img/blog/blog4.png]
[risingtheme.com/html/demo-suruchi-v1/suruchi/assets/img/other/instagram1.webp]
[risingtheme.com/html/demo-suruchi-v1/suruchi/assets/img/other/instagram2.webp]
[risingtheme.com/html/demo-suruchi-v1/suruchi/assets/img/other/instagram3.webp]
[risingtheme.com/html/demo-suruchi-v1/suruchi/assets/img/other/instagram4.webp]
[risingtheme.com/html/demo-suruchi-v1/suruchi/assets/img/other/instagram5.webp]
[risingtheme.com/html/demo-suruchi-v1/suruchi/assets/img/other/instagram6.webp]
[risingtheme.com/html/demo-suruchi-v1/suruchi/assets/img/other/payment-visa-card.png]
[risingtheme.com/html/demo-suruchi-v1/suruchi/assets/img/product/big-product1.jpg]
[risingtheme.com/html/demo-suruchi-v1/suruchi/assets/img/product/big-product2.jpg]
[risingtheme.com/html/demo-suruchi-v1/suruchi/assets/img/product/big-product3.jpg]
[risingtheme.com/html/demo-suruchi-v1/suruchi/assets/img/product/big-product4.jpg]
[risingtheme.com/html/demo-suruchi-v1/suruchi/assets/img/product/big-product5.jpg]
[risingtheme.com/html/demo-suruchi-v1/suruchi/assets/img/product/big-product6.jpg]
[risingtheme.com/html/demo-suruchi-v1/suruchi/assets/img/product/small-product7.png]
[risingtheme.com/html/demo-suruchi-v1/suruchi/assets/img/product/small-product8.png]
[risingtheme.com/html/demo-suruchi-v1/suruchi/assets/img/product/small-product9.png]
[risingtheme.com/html/demo-suruchi-v1/suruchi/assets/img/product/small-product10.png]
[risingtheme.com/html/demo-suruchi-v1/suruchi/assets/img/product/small-product11.png]
[risingtheme.com/html/demo-suruchi-v1/suruchi/assets/img/product/small-product12.png]
[risingtheme.com/html/demo-suruchi-v1/suruchi/assets/img/banner/newsletter-popup-thumb2.png]
[risingtheme.com/html/demo-suruchi-v1/suruchi/assets/js/vendor/popper.js]
[risingtheme.com/html/demo-suruchi-v1/suruchi/assets/js/vendor/bootstrap.min.js]
[risingtheme.com/html/demo-suruchi-v1/suruchi/assets/js/plugins/swiper-bundle.min.js]
[risingtheme.com/html/demo-suruchi-v1/suruchi/assets/js/plugins/glightbox.min.js]
[risingtheme.com/html/demo-suruchi-v1/suruchi/index.html]
[risingtheme.com/html/demo-suruchi-v1/suruchi/assets/css/plugins/swiper-bundle.min.css]
[risingtheme.com/html/demo-suruchi-v1/suruchi/assets/css/plugins/glightbox.min.css]
[risingtheme.com/html/demo-suruchi-v1/suruchi/assets/js/script.js]
[risingtheme.com/html/demo-suruchi-v1/suruchi/assets/css/vendor/bootstrap.min.css]
[risingtheme.com/html/demo-suruchi-v1/suruchi/assets/img/other/heading-shape.png]
[risingtheme.com/html/demo-suruchi-v1/suruchi/assets/img/icon/left-arrow-angle.png]
[risingtheme.com/html/demo-suruchi-v1/suruchi/assets/img/icon/right-arrow-angle.png]
[risingtheme.com/html/demo-suruchi-v1/suruchi/assets/img/slider/home1-slider1.png]
[risingtheme.com/html/demo-suruchi-v1/suruchi/assets/img/slider/home1-slider2.png]
[risingtheme.com/html/demo-suruchi-v1/suruchi/assets/img/slider/home1-slider3.png]
[risingtheme.com/html/demo-suruchi-v1/suruchi/assets/img/slider/home2-slider1.png]
[risingtheme.com/html/demo-suruchi-v1/suruchi/assets/img/slider/home2-slider2.png]
[risingtheme.com/html/demo-suruchi-v1/suruchi/assets/img/slider/home2-slider3.png]
[risingtheme.com/html/demo-suruchi-v1/suruchi/assets/img/slider/home3-slider1.png]
[risingtheme.com/html/demo-suruchi-v1/suruchi/assets/img/slider/home3-slider2.png]
[risingtheme.com/html/demo-suruchi-v1/suruchi/assets/img/slider/home3-slider3.png]
[risingtheme.com/html/demo-suruchi-v1/suruchi/assets/img/banner/banner-bg1.png]
[risingtheme.com/html/demo-suruchi-v1/suruchi/assets/img/banner/banner-bg5.png]
[risingtheme.com/html/demo-suruchi-v1/suruchi/assets/img/banner/banner-bg3.png]
[risingtheme.com/html/demo-suruchi-v1/suruchi/assets/img/banner/breadcrumb-bg.png]
[risingtheme.com/html/demo-suruchi-v1/suruchi/assets/img/banner/banner-bg4.png]
[risingtheme.com/html/demo-suruchi-v1/suruchi/assets/css/style.css]
[risingtheme.com/html/demo-suruchi-v1/suruchi/assets/img/other/shipping1.png]
[risingtheme.com/html/demo-suruchi-v1/suruchi/assets/img/other/shipping2.png]
[risingtheme.com/html/demo-suruchi-v1/suruchi/assets/img/other/shipping3.png]
[risingtheme.com/html/demo-suruchi-v1/suruchi/assets/img/other/shipping4.png]
[risingtheme.com/html/demo-suruchi-v1/suruchi/my-account.html]
[risingtheme.com/html/demo-suruchi-v1/suruchi/assets/img/logo/brand-logo1.png]
[risingtheme.com/html/demo-suruchi-v1/suruchi/assets/img/logo/brand-logo2.png]
[risingtheme.com/html/demo-suruchi-v1/suruchi/assets/img/logo/brand-logo3.png]
[risingtheme.com/html/demo-suruchi-v1/suruchi/assets/img/logo/brand-logo4.png]
[risingtheme.com/html/demo-suruchi-v1/suruchi/assets/img/logo/brand-logo5.png]
[risingtheme.com/html/demo-suruchi-v1/suruchi/wishlist.html]
[risingtheme.com/html/demo-suruchi-v1/suruchi/assets/img/logo/nav-log2.png]
[risingtheme.com/html/demo-suruchi-v1/suruchi/assets/img/banner/banner7.png]
[risingtheme.com/html/demo-suruchi-v1/suruchi/assets/img/banner/banner8.png]
[risingtheme.com/html/demo-suruchi-v1/suruchi/assets/img/banner/banner9.png]
[risingtheme.com/html/demo-suruchi-v1/suruchi/assets/img/banner/banner10.png]
[risingtheme.com/html/demo-suruchi-v1/suruchi/assets/img/banner/banner11.png]
[risingtheme.com/html/demo-suruchi-v1/suruchi/assets/img/banner/banner12.png]
[risingtheme.com/html/demo-suruchi-v1/suruchi/assets/img/banner/banner13.png]
[risingtheme.com/html/demo-suruchi-v1/suruchi/assets/img/banner/banner14.png]
[risingtheme.com/html/demo-suruchi-v1/suruchi/assets/img/product/small-product1.png]
[risingtheme.com/html/demo-suruchi-v1/suruchi/assets/img/product/small-product2.png]
[risingtheme.com/html/demo-suruchi-v1/suruchi/assets/img/product/small-product3.png]
[risingtheme.com/html/demo-suruchi-v1/suruchi/assets/img/product/small-product4.png]
[risingtheme.com/html/demo-suruchi-v1/suruchi/assets/img/product/small-product5.png]
[risingtheme.com/html/demo-suruchi-v1/suruchi/assets/img/product/small-product6.png]
[risingtheme.com/html/demo-suruchi-v1/suruchi/assets/img/banner/banner15.png]
[risingtheme.com/html/demo-suruchi-v1/suruchi/assets/img/banner/banner16.png]
[risingtheme.com/html/demo-suruchi-v1/suruchi/assets/img/banner/banner17.png]
[risingtheme.com/html/demo-suruchi-v1/suruchi/assets/img/banner/newsletter-popup-thumb.png]
[risingtheme.com/html/demo-suruchi-v1/suruchi/index-2.html]
[risingtheme.com/html/demo-suruchi-v1/suruchi/assets/img/banner/menu-banner.png]
[risingtheme.com/html/demo-suruchi-v1/suruchi/index-3.html]
[risingtheme.com/html/demo-suruchi-v1/suruchi/shop.html]
[risingtheme.com/html/demo-suruchi-v1/suruchi/shop-right-sidebar.html]
[risingtheme.com/html/demo-suruchi-v1/suruchi/shop-grid.html]
[risingtheme.com/html/demo-suruchi-v1/suruchi/shop-grid-list.html]
[risingtheme.com/html/demo-suruchi-v1/suruchi/shop-list.html]
[risingtheme.com/html/demo-suruchi-v1/suruchi/assets/img/other/safe-checkout.png]
[risingtheme.com/html/demo-suruchi-v1/suruchi/assets/img/other/comment-thumb1.png]
[risingtheme.com/html/demo-suruchi-v1/suruchi/assets/img/other/comment-thumb2.png]
[risingtheme.com/html/demo-suruchi-v1/suruchi/assets/img/other/comment-thumb3.png]
[risingtheme.com/html/demo-suruchi-v1/suruchi/product-details.html]
[risingtheme.com/html/demo-suruchi-v1/suruchi/product-video.html]
[risingtheme.com/html/demo-suruchi-v1/suruchi/product-left-sidebar.html]
[risingtheme.com/html/demo-suruchi-v1/suruchi/product-gallery.html]
[risingtheme.com/html/demo-suruchi-v1/suruchi/my-account-2.html]
[risingtheme.com/html/demo-suruchi-v1/suruchi/assets/img/other/404-thumb.png]
[risingtheme.com/html/demo-suruchi-v1/suruchi/404.html]
[risingtheme.com/html/demo-suruchi-v1/suruchi/login.html]
[risingtheme.com/html/demo-suruchi-v1/suruchi/faq.html]
[risingtheme.com/html/demo-suruchi-v1/suruchi/compare.html]
[risingtheme.com/html/demo-suruchi-v1/suruchi/checkout.html]
[risingtheme.com/html/demo-suruchi-v1/suruchi/assets/img/icon/credit-card.svg]
[risingtheme.com/html/demo-suruchi-v1/suruchi/checkout-2.html]
[risingtheme.com/html/demo-suruchi-v1/suruchi/checkout-3.html]
[risingtheme.com/html/demo-suruchi-v1/suruchi/checkout-4.html]
[risingtheme.com/html/demo-suruchi-v1/suruchi/assets/img/other/about-thumb-list1.png]
[risingtheme.com/html/demo-suruchi-v1/suruchi/assets/img/other/about-thumb-list2.png]
[risingtheme.com/html/demo-suruchi-v1/suruchi/assets/img/icon/signature.png]
[risingtheme.com/html/demo-suruchi-v1/suruchi/assets/img/other/team1.png]
[risingtheme.com/html/demo-suruchi-v1/suruchi/assets/img/other/team2.png]
[risingtheme.com/html/demo-suruchi-v1/suruchi/assets/img/other/team3.png]
[risingtheme.com/html/demo-suruchi-v1/suruchi/about.html]
[risingtheme.com/html/demo-suruchi-v1/suruchi/blog.html]
[risingtheme.com/html/demo-suruchi-v1/suruchi/assets/img/blog/blog-page-big1.png]
[risingtheme.com/html/demo-suruchi-v1/suruchi/assets/img/blog/related-post1.png]
[risingtheme.com/html/demo-suruchi-v1/suruchi/assets/img/blog/related-post2.png]
[risingtheme.com/html/demo-suruchi-v1/suruchi/blog-details.html]
[risingtheme.com/html/demo-suruchi-v1/suruchi/blog-left-sidebar.html]
[risingtheme.com/html/demo-suruchi-v1/suruchi/blog-right-sidebar.html]
[risingtheme.com/html/demo-suruchi-v1/suruchi/contact.html]
[risingtheme.com/html/demo-suruchi-v1/suruchi/cart.html]
[risingtheme.com/html/demo-suruchi-v1/suruchi/assets/img/other/portfolio1.png]
[risingtheme.com/html/demo-suruchi-v1/suruchi/assets/img/other/portfolio2.png]
[risingtheme.com/html/demo-suruchi-v1/suruchi/assets/img/other/portfolio3.png]
[risingtheme.com/html/demo-suruchi-v1/suruchi/assets/img/other/portfolio4.png]
[risingtheme.com/html/demo-suruchi-v1/suruchi/assets/img/other/portfolio5.png]
[risingtheme.com/html/demo-suruchi-v1/suruchi/assets/img/other/portfolio7.png]
[risingtheme.com/html/demo-suruchi-v1/suruchi/assets/img/other/portfolio8.png]
[risingtheme.com/html/demo-suruchi-v1/suruchi/assets/img/other/portfolio9.png]
[risingtheme.com/html/demo-suruchi-v1/suruchi/portfolio.html]
[risingtheme.com/html/demo-suruchi-v1/suruchi/privacy-policy.html]
[risingtheme.com/html/demo-suruchi-v1/suruchi/assets/img/icon/credit-card.svg]
